Drill report for IDM-FakeSensor-ESP-B-ES1.kicad_pcb
Created on 2026-08-07T12:10:14

Copper Layer Stackup:
    =============================================================
    L1 :  F.Cu                      front
    L2 :  B.Cu                      back


Drill file 'IDM-FakeSensor-ESP-B-ES1-PTH.drl' contains
    plated through holes:
    =============================================================
    T1  0.300mm  0.0118"  (5 holes))
    T2  0.400mm  0.0157"  (5 holes))
    T3  0.900mm  0.0354"  (30 holes))
    T4  1.000mm  0.0394"  (3 holes))
    T5  1.050mm  0.0413"  (4 holes))
    T6  1.200mm  0.0472"  (4 holes))
    T7  2.000mm  0.0787"  (7 holes))

    Total plated holes count 58


Drill file 'IDM-FakeSensor-ESP-B-ES1-NPTH.drl' contains
    unplated through holes:
    =============================================================
    T1  3.200mm  0.1260"  (2 holes))

    Total unplated holes count 2
