Drill report for IDM-RoomSensor-ESP-B-ES2-C6.kicad_pcb
Created on 2026-08-07T14:37:14

Copper Layer Stackup:
    =============================================================
    L1 :  F.Cu                      front
    L2 :  In1.Cu                    in1
    L3 :  In2.Cu                    in2
    L4 :  B.Cu                      back


Drill file 'IDM-RoomSensor-ESP-B-ES2-C6-PTH.drl' contains
    plated through holes:
    =============================================================
    T1  0.300mm  0.0118"  (84 holes))
    T2  0.300mm  0.0118"  (17 holes))
    T3  0.400mm  0.0157"  (3 holes))
    T4  0.600mm  0.0236"  (4 holes)  (with 4 slots)
    T5  0.750mm  0.0295"  (3 holes))
    T6  1.200mm  0.0472"  (8 holes))
    T7  2.000mm  0.0787"  (12 holes))

    Total plated holes count 131


Drill file 'IDM-RoomSensor-ESP-B-ES2-C6-NPTH.drl' contains
    unplated through holes:
    =============================================================
    T1  0.650mm  0.0256"  (2 holes))
    T2  3.200mm  0.1260"  (4 holes))

    Total unplated holes count 6
