Drill report for IDM-RoomSensor-ESP-B-ES4-AIR-R2.kicad_pcb
Created on 2026-08-08T12:23:15

Copper Layer Stackup:
    =============================================================
    L1 :  F.Cu                      front
    L2 :  In1.Cu                    in1
    L3 :  In2.Cu                    in2
    L4 :  B.Cu                      back


Drill file 'IDM-RoomSensor-ESP-B-ES4-AIR-R2-PTH.drl' contains
    plated through holes:
    =============================================================
    T1  0.300mm  0.0118"  (143 holes))
    T2  0.300mm  0.0118"  (17 holes))
    T3  0.400mm  0.0157"  (4 holes))
    T4  0.600mm  0.0236"  (4 holes)  (with 4 slots)
    T5  0.750mm  0.0295"  (3 holes))
    T6  0.900mm  0.0354"  (8 holes))
    T7  1.300mm  0.0512"  (22 holes))
    T8  2.000mm  0.0787"  (13 holes))

    Total plated holes count 214


Drill file 'IDM-RoomSensor-ESP-B-ES4-AIR-R2-NPTH.drl' contains
    unplated through holes:
    =============================================================
    T1  0.650mm  0.0256"  (2 holes))
    T2  3.200mm  0.1260"  (4 holes))

    Total unplated holes count 6
